V3 3
FL C:/Users/Matze/Amiga/Hardwarehacks/Zorro-LAN-IDE/Logic/LAN_IDE/LAN_IDE_CP.vhd 2016/12/15.22:32:54 P.68d
EN work/LAN_IDE_CP 1481837582 \
      FL C:/Users/Matze/Amiga/Hardwarehacks/Zorro-LAN-IDE/Logic/LAN_IDE/LAN_IDE_CP.vhd \
      PB ieee/std_logic_1164 1370735607
AR work/LAN_IDE_CP/Behavioral 1481837583 \
      FL C:/Users/Matze/Amiga/Hardwarehacks/Zorro-LAN-IDE/Logic/LAN_IDE/LAN_IDE_CP.vhd \
      EN work/LAN_IDE_CP 1481837582
