V3 3
FL C:/Users/Matze/Amiga/Hardwarehacks/Zorro-LAN-IDE/Logic/LAN_IDE/LAN_IDE_CP.vhd 2017/01/14.23:56:59 P.68d
EN work/LAN_IDE_CP 1484435146 \
      FL C:/Users/Matze/Amiga/Hardwarehacks/Zorro-LAN-IDE/Logic/LAN_IDE/LAN_IDE_CP.vhd \
      PB ieee/std_logic_1164 1370735607 PB ieee/std_logic_arith 1370735608 \
      PB ieee/STD_LOGIC_UNSIGNED 1370735609
AR work/LAN_IDE_CP/Behavioral 1484435147 \
      FL C:/Users/Matze/Amiga/Hardwarehacks/Zorro-LAN-IDE/Logic/LAN_IDE/LAN_IDE_CP.vhd \
      EN work/LAN_IDE_CP 1484435146
