Release 14.6 - xst P.68d (nt64)
Copyright (c) 1995-2013 Xilinx, Inc.  All rights reserved.
--> Parameter TMPDIR set to xst/projnav.tmp


Total REAL time to Xst completion: 0.00 secs
Total CPU time to Xst completion: 0.12 secs
 
--> Parameter xsthdpdir set to xst


Total REAL time to Xst completion: 0.00 secs
Total CPU time to Xst completion: 0.12 secs
 
--> Reading design: LAN_IDE_CP.prj

TABLE OF CONTENTS
  1) Synthesis Options Summary
  2) HDL Compilation
  3) Design Hierarchy Analysis
  4) HDL Analysis
  5) HDL Synthesis
     5.1) HDL Synthesis Report
  6) Advanced HDL Synthesis
     6.1) Advanced HDL Synthesis Report
  7) Low Level Synthesis
  8) Partition Report
  9) Final Report

=========================================================================
*                      Synthesis Options Summary                        *
=========================================================================
---- Source Parameters
Input File Name                    : "LAN_IDE_CP.prj"
Input Format                       : mixed
Ignore Synthesis Constraint File   : NO

---- Target Parameters
Output File Name                   : "LAN_IDE_CP"
Output Format                      : NGC
Target Device                      : XC9500XL CPLDs

---- Source Options
Top Module Name                    : LAN_IDE_CP
Automatic FSM Extraction           : YES
FSM Encoding Algorithm             : Auto
Safe Implementation                : No
Mux Extraction                     : Yes
Resource Sharing                   : YES

---- Target Options
Add IO Buffers                     : YES
MACRO Preserve                     : YES
XOR Preserve                       : YES
Equivalent register Removal        : YES

---- General Options
Optimization Goal                  : Speed
Optimization Effort                : 1
Keep Hierarchy                     : Yes
Netlist Hierarchy                  : As_Optimized
RTL Output                         : Yes
Hierarchy Separator                : /
Bus Delimiter                      : <>
Case Specifier                     : Maintain
Verilog 2001                       : YES

---- Other Options
Clock Enable                       : YES
wysiwyg                            : NO

=========================================================================


=========================================================================
*                          HDL Compilation                              *
=========================================================================
Compiling vhdl file "C:/Users/Matze/Amiga/Hardwarehacks/Zorro-LAN-IDE/Logic/LAN_IDE/LAN_IDE_CP.vhd" in Library work.
Entity <lan_ide_cp> compiled.
Entity <lan_ide_cp> (Architecture <behavioral>) compiled.

=========================================================================
*                     Design Hierarchy Analysis                         *
=========================================================================
Analyzing hierarchy for entity <LAN_IDE_CP> in library <work> (architecture <behavioral>).


=========================================================================
*                            HDL Analysis                               *
=========================================================================
Analyzing Entity <LAN_IDE_CP> in library <work> (Architecture <behavioral>).
Entity <LAN_IDE_CP> analyzed. Unit <LAN_IDE_CP> generated.


=========================================================================
*                           HDL Synthesis                               *
=========================================================================

Performing bidirectional port resolution...

Synthesizing Unit <LAN_IDE_CP>.
    Related source file is "C:/Users/Matze/Amiga/Hardwarehacks/Zorro-LAN-IDE/Logic/LAN_IDE/LAN_IDE_CP.vhd".
WARNING:Xst:647 - Input <IDE_WAIT> is never used. This port will be preserved and left unconnected if it belongs to a top-level block or it belongs to a sub-block and the hierarchy of this sub-block is preserved.
WARNING:Xst:647 - Input <DS0> is never used. This port will be preserved and left unconnected if it belongs to a top-level block or it belongs to a sub-block and the hierarchy of this sub-block is preserved.
WARNING:Xst:647 - Input <DS1> is never used. This port will be preserved and left unconnected if it belongs to a top-level block or it belongs to a sub-block and the hierarchy of this sub-block is preserved.
WARNING:Xst:647 - Input <FCS> is never used. This port will be preserved and left unconnected if it belongs to a top-level block or it belongs to a sub-block and the hierarchy of this sub-block is preserved.
WARNING:Xst:1306 - Output <LAN_CFG> is never assigned.
WARNING:Xst:1306 - Output <MTACK> is never assigned.
WARNING:Xst:2565 - Inout <A<15>> is never assigned.
WARNING:Xst:647 - Input <CP_IRQ> is never used. This port will be preserved and left unconnected if it belongs to a top-level block or it belongs to a sub-block and the hierarchy of this sub-block is preserved.
WARNING:Xst:647 - Input <Z3> is never used. This port will be preserved and left unconnected if it belongs to a top-level block or it belongs to a sub-block and the hierarchy of this sub-block is preserved.
WARNING:Xst:647 - Input <CLK_EXT> is never used. This port will be preserved and left unconnected if it belongs to a top-level block or it belongs to a sub-block and the hierarchy of this sub-block is preserved.
WARNING:Xst:1306 - Output <OVR> is never assigned.
WARNING:Xst:647 - Input <MTCR> is never used. This port will be preserved and left unconnected if it belongs to a top-level block or it belongs to a sub-block and the hierarchy of this sub-block is preserved.
WARNING:Xst:1780 - Signal <DTACK_S> is never used or assigned. This unconnected signal will be trimmed during the optimization process.
WARNING:Xst:1780 - Signal <AS_D> is never used or assigned. This unconnected signal will be trimmed during the optimization process.
    Found 16-bit tristate buffer for signal <D>.
    Found 16-bit tristate buffer for signal <DQ>.
    Found 1-bit tristate buffer for signal <OWN>.
    Found 1-bit tristate buffer for signal <DTACK>.
    Found 1-bit tristate buffer for signal <INT_OUT>.
    Found 1-bit xor2 for signal <AMIGA_CLK$xor0000> created at line 109.
    Found 3-bit register for signal <AUTO_CONFIG_DONE>.
    Found 3-bit register for signal <AUTO_CONFIG_DONE_CYCLE>.
    Found 1-bit register for signal <autoconfig>.
    Found 1-bit register for signal <cp>.
    Found 8-bit comparator not equal for signal <cp$cmp_ne0000> created at line 134.
    Found 8-bit register for signal <CP_BASEADR>.
    Found 4-bit register for signal <Dout1>.
    Found 1-bit register for signal <ide>.
    Found 8-bit comparator not equal for signal <ide$cmp_ne0000> created at line 128.
    Found 8-bit register for signal <IDE_BASEADR>.
    Found 1-bit register for signal <IDE_ENABLE>.
    Found 1-bit register for signal <IDE_R_S>.
    Found 1-bit register for signal <IDE_W_S>.
    Found 1-bit register for signal <lan>.
    Found 8-bit comparator not equal for signal <lan$cmp_ne0000> created at line 122.
    Found 8-bit register for signal <LAN_BASEADR>.
    Found 1-bit register for signal <ROM_OE_S>.
    Found 3-bit register for signal <SHUT_UP>.
    Summary:
	inferred   3 Comparator(s).
	inferred   1 Xor(s).
	inferred  35 Tristate(s).
Unit <LAN_IDE_CP> synthesized.


=========================================================================
HDL Synthesis Report

Macro Statistics
# Registers                                            : 19
 1-bit register                                        : 14
 3-bit register                                        : 1
 4-bit register                                        : 1
 8-bit register                                        : 3
# Comparators                                          : 3
 8-bit comparator not equal                            : 3
# Tristates                                            : 5
 1-bit tristate buffer                                 : 3
 16-bit tristate buffer                                : 2
# Xors                                                 : 1
 1-bit xor2                                            : 1

=========================================================================

=========================================================================
*                       Advanced HDL Synthesis                          *
=========================================================================


=========================================================================
Advanced HDL Synthesis Report

Found no macro
=========================================================================

=========================================================================
*                         Low Level Synthesis                           *
=========================================================================

Optimizing unit <LAN_IDE_CP> ...
  implementation constraint: INIT=r	 : IDE_ENABLE
  implementation constraint: INIT=r	 : ide
  implementation constraint: INIT=r	 : autoconfig
  implementation constraint: INIT=s	 : IDE_R_S
  implementation constraint: INIT=s	 : IDE_W_S
  implementation constraint: INIT=r	 : cp
  implementation constraint: INIT=s	 : ROM_OE_S
  implementation constraint: INIT=r	 : lan

=========================================================================
*                           Partition Report                            *
=========================================================================

Partition Implementation Status
-------------------------------

  No Partitions were found in this design.

-------------------------------

=========================================================================
*                            Final Report                               *
=========================================================================
Final Results
RTL Top Level Output File Name     : LAN_IDE_CP.ngr
Top Level Output File Name         : LAN_IDE_CP
Output Format                      : NGC
Optimization Goal                  : Speed
Keep Hierarchy                     : Yes
Target Technology                  : XC9500XL CPLDs
Macro Preserve                     : YES
XOR Preserve                       : YES
Clock Enable                       : YES
wysiwyg                            : NO

Design Statistics
# IOs                              : 116

Cell Usage :
# BELS                             : 482
#      AND2                        : 104
#      AND3                        : 22
#      AND4                        : 12
#      AND5                        : 2
#      GND                         : 1
#      INV                         : 213
#      OR2                         : 90
#      OR3                         : 15
#      OR4                         : 3
#      OR5                         : 3
#      VCC                         : 1
#      XOR2                        : 16
# FlipFlops/Latches                : 45
#      FD                          : 7
#      FDC                         : 3
#      FDCE                        : 35
# IO Buffers                       : 101
#      IBUF                        : 33
#      IOBUFE                      : 32
#      OBUF                        : 33
#      OBUFE                       : 3
=========================================================================


Total REAL time to Xst completion: 8.00 secs
Total CPU time to Xst completion: 8.18 secs
 
--> 

Total memory usage is 290052 kilobytes

Number of errors   :    0 (   0 filtered)
Number of warnings :   14 (   0 filtered)
Number of infos    :    0 (   0 filtered)

